---
http_interactions:
- request:
    method: post
    uri: https://graph.facebook.com/oauth/access_token
    body:
      encoding: UTF-8
      string: client_id=823950097719547&client_secret=dea8b556df75b906aa59ab482def6e26&grant_type=client_credentials
    headers:
      User-Agent:
      - Faraday v0.9.2
      Content-Type:
      - application/x-www-form-urlencoded
      Accept-Encoding:
      - gzip;q=1.0,deflate;q=0.6,identity;q=0.3
      Accept:
      - "*/*"
  response:
    status:
      code: 200
      message: OK
    headers:
      Access-Control-Allow-Origin:
      - "*"
      Content-Type:
      - text/plain; charset=UTF-8
      X-Fb-Trace-Id:
      - AyQISI8VSRN
      X-Fb-Rev:
      - '2038677'
      Pragma:
      - no-cache
      Cache-Control:
      - private, no-cache, no-store, must-revalidate
      Facebook-Api-Version:
      - v2.0
      Expires:
      - Sat, 01 Jan 2000 00:00:00 GMT
      X-Fb-Stats-Contexts:
      - V3
      - api
      X-Fb-Debug:
      - 5aAj9VsTeK+SI3jvTB226ZorGl2+FZZduwaa8Pttnu92tm4y92WPrnOz3bC2yZmiRAUL9eAToc1v12sCLtZVEg==
      Date:
      - Thu, 12 Nov 2015 11:18:39 GMT
      Connection:
      - keep-alive
      Content-Length:
      - '56'
    body:
      encoding: UTF-8
      string: access_token=823950097719547|oS3DYF56aL2V4qHXWiBZweVqK44
    http_version: 
  recorded_at: Thu, 12 Nov 2015 11:18:39 GMT
- request:
    method: post
    uri: https://graph.facebook.com/823950097719547/accounts/test-users
    body:
      encoding: UTF-8
      string: access_token=823950097719547%7CoS3DYF56aL2V4qHXWiBZweVqK44&installed=true&permissions=email%2Cuser_friends
    headers:
      User-Agent:
      - Faraday v0.9.2
      Content-Type:
      - application/x-www-form-urlencoded
      Accept-Encoding:
      - gzip;q=1.0,deflate;q=0.6,identity;q=0.3
      Accept:
      - "*/*"
  response:
    status:
      code: 200
      message: OK
    headers:
      Access-Control-Allow-Origin:
      - "*"
      Content-Type:
      - application/json; charset=UTF-8
      X-Fb-Trace-Id:
      - H8kHj7Knpao
      X-Fb-Rev:
      - '2038677'
      Pragma:
      - no-cache
      Cache-Control:
      - private, no-cache, no-store, must-revalidate
      Facebook-Api-Version:
      - v2.4
      Expires:
      - Sat, 01 Jan 2000 00:00:00 GMT
      X-Fb-Stats-Contexts:
      - V3
      - api
      X-Fb-Debug:
      - FbUl4f/GDFFhb17NesT5HuzkvdAzYl31BS8cKD7nxP6VH4Ir9PjeGtPu4J8Dbj7LWXlqzVU77tLxvy0covjQZA==
      Date:
      - Thu, 12 Nov 2015 11:18:48 GMT
      Connection:
      - keep-alive
      Content-Length:
      - '427'
    body:
      encoding: UTF-8
      string: '{"id":"104051013294730","access_token":"CAALtYNTjIPsBAKT4NZAecuaEhejKoRq618HDIvnC5jdPd5SUsSZCHDafceTN4tzijx8WJgAo4tjgBpUNjgbZBCK6xCJox9P8vTqfmskn1suLUn1KsZAt5i9OhpBaB5GSCpw7fZCHwXq6Tux3XqOeIgfFNZAV1vjMkU3ZAAHQBmpW6dekZCvq8DYXaXkBhOjH7VxL4D0BngfFvQZDZD","login_url":"https:\/\/developers.facebook.com\/checkpoint\/test-user-login\/104051013294730\/","email":"izhecar_shepardson_1447327119\u0040tfbnw.net","password":"902011719"}'
    http_version: 
  recorded_at: Thu, 12 Nov 2015 11:18:48 GMT
- request:
    method: post
    uri: https://graph.facebook.com/oauth/access_token
    body:
      encoding: UTF-8
      string: client_id=823950097719547&client_secret=dea8b556df75b906aa59ab482def6e26&fb_exchange_token=CAALtYNTjIPsBAKT4NZAecuaEhejKoRq618HDIvnC5jdPd5SUsSZCHDafceTN4tzijx8WJgAo4tjgBpUNjgbZBCK6xCJox9P8vTqfmskn1suLUn1KsZAt5i9OhpBaB5GSCpw7fZCHwXq6Tux3XqOeIgfFNZAV1vjMkU3ZAAHQBmpW6dekZCvq8DYXaXkBhOjH7VxL4D0BngfFvQZDZD&grant_type=fb_exchange_token
    headers:
      User-Agent:
      - Faraday v0.9.2
      Content-Type:
      - application/x-www-form-urlencoded
      Accept-Encoding:
      - gzip;q=1.0,deflate;q=0.6,identity;q=0.3
      Accept:
      - "*/*"
  response:
    status:
      code: 200
      message: OK
    headers:
      Access-Control-Allow-Origin:
      - "*"
      Content-Type:
      - text/plain; charset=UTF-8
      X-Fb-Trace-Id:
      - EOHpouf/kRK
      X-Fb-Rev:
      - '2038677'
      Pragma:
      - no-cache
      Cache-Control:
      - private, no-cache, no-store, must-revalidate
      Facebook-Api-Version:
      - v2.0
      Expires:
      - Sat, 01 Jan 2000 00:00:00 GMT
      X-Fb-Stats-Contexts:
      - V3
      - api
      X-Fb-Debug:
      - yGnwkwY1n4S6EDWrgdUkmZYe/gLvc1bvky3I0/55+WMu/161bFAZCRxDk43aNbtJGZCLXa/ERqTwPebcIp2eyA==
      Date:
      - Thu, 12 Nov 2015 11:18:48 GMT
      Connection:
      - keep-alive
      Content-Length:
      - '214'
    body:
      encoding: UTF-8
      string: access_token=CAALtYNTjIPsBAGicL0vHqLNvH80uLwJzKt0yfyEpeKTvUVEQXZA5czAQp5lQgeY8eq9k8AgQpoIFHJtdzcTirUZAMbCgQrtbEeZCyfzC6HbkqoxNLbkZB27UQX60vWRehBc2SuTBIkO60NftRdaZCFkXHAZBrsvghuSgKEGZBRNeyiAJClZCTeRu&expires=5184000
    http_version: 
  recorded_at: Thu, 12 Nov 2015 11:18:48 GMT
- request:
    method: get
    uri: https://graph.facebook.com/oauth/client_code?access_token=CAALtYNTjIPsBAGicL0vHqLNvH80uLwJzKt0yfyEpeKTvUVEQXZA5czAQp5lQgeY8eq9k8AgQpoIFHJtdzcTirUZAMbCgQrtbEeZCyfzC6HbkqoxNLbkZB27UQX60vWRehBc2SuTBIkO60NftRdaZCFkXHAZBrsvghuSgKEGZBRNeyiAJClZCTeRu&client_id=823950097719547&client_secret=dea8b556df75b906aa59ab482def6e26&redirect_uri=http://localhost:3000/
    body:
      encoding: US-ASCII
      string: ''
    headers:
      User-Agent:
      - Faraday v0.9.2
      Accept-Encoding:
      - gzip;q=1.0,deflate;q=0.6,identity;q=0.3
      Accept:
      - "*/*"
  response:
    status:
      code: 200
      message: OK
    headers:
      Access-Control-Allow-Origin:
      - "*"
      Content-Type:
      - application/json; charset=UTF-8
      X-Fb-Trace-Id:
      - FcdJ2K2ApFv
      X-Fb-Rev:
      - '2038677'
      Pragma:
      - no-cache
      Cache-Control:
      - private, no-cache, no-store, must-revalidate
      Facebook-Api-Version:
      - v2.0
      Expires:
      - Sat, 01 Jan 2000 00:00:00 GMT
      X-Fb-Stats-Contexts:
      - V3
      - api
      X-Fb-Debug:
      - PW3DtKl16jZ8rqegdQExozJtnoZ8UecmPLB3T720OBnPaA0jjJ/H4WKhvqNgOE5k4HdARAX9CTEZdXijlddAZw==
      Date:
      - Thu, 12 Nov 2015 11:18:49 GMT
      Connection:
      - keep-alive
      Content-Length:
      - '334'
    body:
      encoding: UTF-8
      string: '{"code":"AQAULoGyiy0L7GKgj6eB1s_hcJvhYB7tEbpTwrEwJvd14NAmYyValGzrCFYj5zEp8gf8qwfz_n6_PIerysvFksOnYUykcbr9imSW8Sy3-8qI8SPGxIFbaYTTGNbf-pt_Slr3szAXCNDJRlnytDcy3o49EzS7EbRIxzZlqwjbPGvrTNaC23NnG_CrdK9PoKDaZIkRKzxF737t5FFOn7GoFNXWQbFyHIFXODEMOr5dqJaLkgrroLpYso_6R7yVJ_4jUHHAhOBJIxfqUwj9AikBFGiygjEynvI0YanVJaFJ1Lu51tYFXpO8bcDJFwxzrW6P3tk"}'
    http_version: 
  recorded_at: Thu, 12 Nov 2015 11:18:48 GMT
- request:
    method: get
    uri: https://graph.facebook.com/oauth/access_token?client_id=823950097719547&client_secret=dea8b556df75b906aa59ab482def6e26&code=AQAULoGyiy0L7GKgj6eB1s_hcJvhYB7tEbpTwrEwJvd14NAmYyValGzrCFYj5zEp8gf8qwfz_n6_PIerysvFksOnYUykcbr9imSW8Sy3-8qI8SPGxIFbaYTTGNbf-pt_Slr3szAXCNDJRlnytDcy3o49EzS7EbRIxzZlqwjbPGvrTNaC23NnG_CrdK9PoKDaZIkRKzxF737t5FFOn7GoFNXWQbFyHIFXODEMOr5dqJaLkgrroLpYso_6R7yVJ_4jUHHAhOBJIxfqUwj9AikBFGiygjEynvI0YanVJaFJ1Lu51tYFXpO8bcDJFwxzrW6P3tk&redirect_uri=http://localhost:3000/
    body:
      encoding: US-ASCII
      string: ''
    headers:
      User-Agent:
      - Faraday v0.9.2
      Accept-Encoding:
      - gzip;q=1.0,deflate;q=0.6,identity;q=0.3
      Accept:
      - "*/*"
  response:
    status:
      code: 200
      message: OK
    headers:
      Access-Control-Allow-Origin:
      - "*"
      Content-Type:
      - application/json; charset=UTF-8
      X-Fb-Trace-Id:
      - A4X/hZG85jL
      X-Fb-Rev:
      - '2038677'
      Pragma:
      - no-cache
      Cache-Control:
      - private, no-cache, no-store, must-revalidate
      Facebook-Api-Version:
      - v2.0
      Expires:
      - Sat, 01 Jan 2000 00:00:00 GMT
      X-Fb-Stats-Contexts:
      - V3
      - api
      X-Fb-Debug:
      - QrhaOkbYoN3tZ/k263Fyt/j84fmHVfNhCdPYvuu33r0hvatc4yZqcdVSaUGyS0haHYQyRFQE96pHPWtJ9JS1lA==
      Date:
      - Thu, 12 Nov 2015 11:18:49 GMT
      Connection:
      - keep-alive
      Content-Length:
      - '265'
    body:
      encoding: UTF-8
      string: '{"access_token":"CAALtYNTjIPsBAOFY3zAeKU9xVuDcUDQYFVbZCukS795wQtLepE0sSxXiOZAzGZC8JGZAzMHZBZBC5SMl31nvRH21IEnfbCPGbFELXViCZCCX7iOQIikffs7DpuI52zGYjK09xAqMh5r8TiW1PC2vOCErJ1TjpFVzZBvhHGNUs41rk9FKoJCHDfki","machine_id":"mXVEVubNO8iiiaybXAh576PU","expires_in":5183999}'
    http_version: 
  recorded_at: Thu, 12 Nov 2015 11:18:49 GMT
- request:
    method: get
    uri: https://graph.facebook.com/me?access_token=non-existant-token&appsecret_proof=de84c0afce2e3ed80269a153aac922fbaa052271e132a95acbf3dc459f95126e&fields=email,first_name,last_name
    body:
      encoding: US-ASCII
      string: ''
    headers:
      User-Agent:
      - Faraday v0.9.2
      Accept-Encoding:
      - gzip;q=1.0,deflate;q=0.6,identity;q=0.3
      Accept:
      - "*/*"
  response:
    status:
      code: 400
      message: Bad Request
    headers:
      Www-Authenticate:
      - OAuth "Facebook Platform" "invalid_token" "Invalid OAuth access token."
      Access-Control-Allow-Origin:
      - "*"
      Content-Type:
      - application/json; charset=UTF-8
      X-Fb-Trace-Id:
      - FyFZo6OAD66
      X-Fb-Rev:
      - '2038677'
      Pragma:
      - no-cache
      Cache-Control:
      - no-store
      Expires:
      - Sat, 01 Jan 2000 00:00:00 GMT
      X-Fb-Stats-Contexts:
      - V3
      - api
      X-Fb-Debug:
      - b1td88PO1woTOYhcFclBlPK4NWIFHGnochK+rx5Cu+dQd+JQMELVuMlRBdtuU/Q687cfP1nCRxAzk6UtfwIdxA==
      Date:
      - Thu, 12 Nov 2015 11:18:49 GMT
      Connection:
      - keep-alive
      Content-Length:
      - '113'
    body:
      encoding: UTF-8
      string: '{"error":{"message":"Invalid OAuth access token.","type":"OAuthException","code":190,"fbtrace_id":"FyFZo6OAD66"}}'
    http_version: 
  recorded_at: Thu, 12 Nov 2015 11:18:49 GMT
recorded_with: VCR 2.9.3
