---
http_interactions:
- request:
    method: post
    uri: https://graph.facebook.com/oauth/access_token
    body:
      encoding: UTF-8
      string: client_id=823950097719547&client_secret=dea8b556df75b906aa59ab482def6e26&grant_type=client_credentials
    headers:
      User-Agent:
      - Faraday v0.9.2
      Content-Type:
      - application/x-www-form-urlencoded
      Accept-Encoding:
      - gzip;q=1.0,deflate;q=0.6,identity;q=0.3
      Accept:
      - "*/*"
  response:
    status:
      code: 200
      message: OK
    headers:
      Access-Control-Allow-Origin:
      - "*"
      Content-Type:
      - text/plain; charset=UTF-8
      X-Fb-Trace-Id:
      - CWbfnHk+08y
      X-Fb-Rev:
      - '2041018'
      Pragma:
      - no-cache
      Cache-Control:
      - private, no-cache, no-store, must-revalidate
      Facebook-Api-Version:
      - v2.0
      Expires:
      - Sat, 01 Jan 2000 00:00:00 GMT
      X-Fb-Stats-Contexts:
      - V3
      - api
      X-Fb-Debug:
      - vOrNLAzqlUvvIVGeQLwon43iL93VbdHGpVa/3Zfdtd2CeZkAdlXaS7iYIT0HpbQ13R6EVcTDe/bA2LD982Hzog==
      Date:
      - Fri, 13 Nov 2015 04:40:49 GMT
      Connection:
      - keep-alive
      Content-Length:
      - '56'
    body:
      encoding: UTF-8
      string: access_token=823950097719547|oS3DYF56aL2V4qHXWiBZweVqK44
    http_version: 
  recorded_at: Fri, 13 Nov 2015 04:40:49 GMT
- request:
    method: post
    uri: https://graph.facebook.com/823950097719547/accounts/test-users
    body:
      encoding: UTF-8
      string: access_token=823950097719547%7CoS3DYF56aL2V4qHXWiBZweVqK44&installed=true&permissions=email%2Cuser_friends
    headers:
      User-Agent:
      - Faraday v0.9.2
      Content-Type:
      - application/x-www-form-urlencoded
      Accept-Encoding:
      - gzip;q=1.0,deflate;q=0.6,identity;q=0.3
      Accept:
      - "*/*"
  response:
    status:
      code: 200
      message: OK
    headers:
      Access-Control-Allow-Origin:
      - "*"
      Content-Type:
      - application/json; charset=UTF-8
      X-Fb-Trace-Id:
      - G82de8mGpfW
      X-Fb-Rev:
      - '2041018'
      Pragma:
      - no-cache
      Cache-Control:
      - private, no-cache, no-store, must-revalidate
      Facebook-Api-Version:
      - v2.4
      Expires:
      - Sat, 01 Jan 2000 00:00:00 GMT
      X-Fb-Stats-Contexts:
      - V3
      - api
      X-Fb-Debug:
      - 2atGACjnjoSpANtox36Z5KifrVyLgSzrhFKSjOJftCV2xC4uH/C6P9u1xtIC6LiVi3fag7y6qzBOCiHMv+7uSA==
      Date:
      - Fri, 13 Nov 2015 04:40:52 GMT
      Connection:
      - keep-alive
      Content-Length:
      - '424'
    body:
      encoding: UTF-8
      string: '{"id":"131835703845116","access_token":"CAALtYNTjIPsBAE3iqmDd4nqS3hxsb3Be708YRyCERJKUGbuVrcJtitgAmDiMawLvbvRaQH1y1RiIobDEekpOUrVO4TawMQxElw5wUTFSZCsSVDzKAm5jZBU4AqrFVFRK9bG4tDO785IewPL2FgMEFgRwYuQwh0zaSr3nLQvHOltZCa7Yh2udFOni4oOVrW2LaZC8p0HmZAQZDZD","login_url":"https:\/\/developers.facebook.com\/checkpoint\/test-user-login\/131835703845116\/","email":"ognvlgy_alisonman_1447389650\u0040tfbnw.net","password":"1882523832"}'
    http_version: 
  recorded_at: Fri, 13 Nov 2015 04:40:52 GMT
- request:
    method: post
    uri: https://graph.facebook.com/oauth/access_token
    body:
      encoding: UTF-8
      string: client_id=823950097719547&client_secret=dea8b556df75b906aa59ab482def6e26&fb_exchange_token=CAALtYNTjIPsBAE3iqmDd4nqS3hxsb3Be708YRyCERJKUGbuVrcJtitgAmDiMawLvbvRaQH1y1RiIobDEekpOUrVO4TawMQxElw5wUTFSZCsSVDzKAm5jZBU4AqrFVFRK9bG4tDO785IewPL2FgMEFgRwYuQwh0zaSr3nLQvHOltZCa7Yh2udFOni4oOVrW2LaZC8p0HmZAQZDZD&grant_type=fb_exchange_token
    headers:
      User-Agent:
      - Faraday v0.9.2
      Content-Type:
      - application/x-www-form-urlencoded
      Accept-Encoding:
      - gzip;q=1.0,deflate;q=0.6,identity;q=0.3
      Accept:
      - "*/*"
  response:
    status:
      code: 200
      message: OK
    headers:
      Access-Control-Allow-Origin:
      - "*"
      Content-Type:
      - text/plain; charset=UTF-8
      X-Fb-Trace-Id:
      - Bu338i8gyRh
      X-Fb-Rev:
      - '2041018'
      Pragma:
      - no-cache
      Cache-Control:
      - private, no-cache, no-store, must-revalidate
      Facebook-Api-Version:
      - v2.0
      Expires:
      - Sat, 01 Jan 2000 00:00:00 GMT
      X-Fb-Stats-Contexts:
      - V3
      - api
      X-Fb-Debug:
      - OCkcA6lZCzegDhQtiFf5186W+FNm8aUsoBOoNN93NMpb9+V8T8D014dOaQfik22QG4F6Z4AreqwQGf10xRYqKw==
      Date:
      - Fri, 13 Nov 2015 04:40:53 GMT
      Connection:
      - keep-alive
      Content-Length:
      - '216'
    body:
      encoding: UTF-8
      string: access_token=CAALtYNTjIPsBAJ7G6nEInv4VZAZBLpYaFeXW8x91vs92DvnZCJD0jWYVzQsAwDegusyZCxhI3N54IC9VGIxnh8WOZBnxq4QK2gErITGjFXDn3Mt4ZCYMcUCALjtgS3HVQK1LbbfDPc6v3ZCQtIaKUWWwYPaeUwdBxUDIjrsuVZAOq4LZB9npdoEZBb&expires=5184000
    http_version: 
  recorded_at: Fri, 13 Nov 2015 04:40:53 GMT
- request:
    method: get
    uri: https://graph.facebook.com/oauth/client_code?access_token=CAALtYNTjIPsBAJ7G6nEInv4VZAZBLpYaFeXW8x91vs92DvnZCJD0jWYVzQsAwDegusyZCxhI3N54IC9VGIxnh8WOZBnxq4QK2gErITGjFXDn3Mt4ZCYMcUCALjtgS3HVQK1LbbfDPc6v3ZCQtIaKUWWwYPaeUwdBxUDIjrsuVZAOq4LZB9npdoEZBb&client_id=823950097719547&client_secret=dea8b556df75b906aa59ab482def6e26&redirect_uri=http://localhost:3000/
    body:
      encoding: US-ASCII
      string: ''
    headers:
      User-Agent:
      - Faraday v0.9.2
      Accept-Encoding:
      - gzip;q=1.0,deflate;q=0.6,identity;q=0.3
      Accept:
      - "*/*"
  response:
    status:
      code: 200
      message: OK
    headers:
      Access-Control-Allow-Origin:
      - "*"
      Content-Type:
      - application/json; charset=UTF-8
      X-Fb-Trace-Id:
      - Hj5peGwZUCe
      X-Fb-Rev:
      - '2041018'
      Pragma:
      - no-cache
      Cache-Control:
      - private, no-cache, no-store, must-revalidate
      Facebook-Api-Version:
      - v2.0
      Expires:
      - Sat, 01 Jan 2000 00:00:00 GMT
      X-Fb-Stats-Contexts:
      - V3
      - api
      X-Fb-Debug:
      - O7mZ7aOgViFk2wPdTwdoS5uFClDuqVCXzItxi4SEoAPAgjTtivLN+rJqmM3XpRT6X9RsApmF7O05R/Eezg4bkw==
      Date:
      - Fri, 13 Nov 2015 04:40:53 GMT
      Connection:
      - keep-alive
      Content-Length:
      - '377'
    body:
      encoding: UTF-8
      string: '{"code":"AQCYiaUIU3MoJm9JywMSqkW05oU_F1OuHa4nmb2jh0QMWtvWaZPf112a0Gr1zcL0Yj1ss7VFH8nZHZKb4HGFFP9yky1Jiq1nj3_hUW9epFJh0NrWB8LH8F-P1KAXEBnIe-nxLZgYzTlCs4ImjMSvUqKgJz-0kaZMyznJtNhzSUVNSCi18gp1jwy-pgluKW6mGMDMr6-wwV58UEdLDPS7opPjYHFgDVqneImd46agXLFefxC43-_aO4OxkBtaiyipXQtypPpUEKhTBo1x_ktJoaZXM18eDza1vOxtR52OpzHSGcsxdfmeDoPxDO3fQpIdNYqnxd8hJZ1xwirbrFl5lA-IsWYOGPKXXmWbhhq7ewoKvA"}'
    http_version: 
  recorded_at: Fri, 13 Nov 2015 04:40:53 GMT
- request:
    method: get
    uri: https://graph.facebook.com/oauth/access_token?client_id=823950097719547&client_secret=dea8b556df75b906aa59ab482def6e26&code=AQCYiaUIU3MoJm9JywMSqkW05oU_F1OuHa4nmb2jh0QMWtvWaZPf112a0Gr1zcL0Yj1ss7VFH8nZHZKb4HGFFP9yky1Jiq1nj3_hUW9epFJh0NrWB8LH8F-P1KAXEBnIe-nxLZgYzTlCs4ImjMSvUqKgJz-0kaZMyznJtNhzSUVNSCi18gp1jwy-pgluKW6mGMDMr6-wwV58UEdLDPS7opPjYHFgDVqneImd46agXLFefxC43-_aO4OxkBtaiyipXQtypPpUEKhTBo1x_ktJoaZXM18eDza1vOxtR52OpzHSGcsxdfmeDoPxDO3fQpIdNYqnxd8hJZ1xwirbrFl5lA-IsWYOGPKXXmWbhhq7ewoKvA&redirect_uri=http://localhost:3000/
    body:
      encoding: US-ASCII
      string: ''
    headers:
      User-Agent:
      - Faraday v0.9.2
      Accept-Encoding:
      - gzip;q=1.0,deflate;q=0.6,identity;q=0.3
      Accept:
      - "*/*"
  response:
    status:
      code: 200
      message: OK
    headers:
      Access-Control-Allow-Origin:
      - "*"
      Content-Type:
      - application/json; charset=UTF-8
      X-Fb-Trace-Id:
      - A+itNVG+1GP
      X-Fb-Rev:
      - '2041018'
      Pragma:
      - no-cache
      Cache-Control:
      - private, no-cache, no-store, must-revalidate
      Facebook-Api-Version:
      - v2.0
      Expires:
      - Sat, 01 Jan 2000 00:00:00 GMT
      X-Fb-Stats-Contexts:
      - V3
      - api
      X-Fb-Debug:
      - 70LDYp7X6TzYKZA99Z3JMoJ2inSDT8XW+0QHr3wabf0S6W7NQ/Zy3y2Ok0uRrh79aRGMJ0riG5iyCbsHbBFrFw==
      Date:
      - Fri, 13 Nov 2015 04:40:53 GMT
      Connection:
      - keep-alive
      Content-Length:
      - '285'
    body:
      encoding: UTF-8
      string: '{"access_token":"CAALtYNTjIPsBAM08gPrlQ901k9vRe5KdyvcqZCDQ7aovizPuZBZAEljOzakK1GoqC6aeILYQEVFeGbOaR1jZAeBZC0ErEO5IhxZChExdHm62128Jl6pxIaTZAwZCxc6XafOzBmTIZANZA7hUeRTZBODmJaDDCcd3akMZCV1CspFLbOMv2a5y4JKwxb81YA0ZBZAfyZBVGUZD","machine_id":"1WlFVk9CWRv_fUGkcrdYR3MU","expires_in":5184000}'
    http_version: 
  recorded_at: Fri, 13 Nov 2015 04:40:53 GMT
- request:
    method: get
    uri: https://graph.facebook.com/me/friends?access_token=CAALtYNTjIPsBAM08gPrlQ901k9vRe5KdyvcqZCDQ7aovizPuZBZAEljOzakK1GoqC6aeILYQEVFeGbOaR1jZAeBZC0ErEO5IhxZChExdHm62128Jl6pxIaTZAwZCxc6XafOzBmTIZANZA7hUeRTZBODmJaDDCcd3akMZCV1CspFLbOMv2a5y4JKwxb81YA0ZBZAfyZBVGUZD&appsecret_proof=1f692f4857560cd3797030d6462bead590b5ed8f7f6fde12c86be4711b0e58e8
    body:
      encoding: US-ASCII
      string: ''
    headers:
      User-Agent:
      - Faraday v0.9.2
      Accept-Encoding:
      - gzip;q=1.0,deflate;q=0.6,identity;q=0.3
      Accept:
      - "*/*"
  response:
    status:
      code: 200
      message: OK
    headers:
      Access-Control-Allow-Origin:
      - "*"
      Content-Type:
      - application/json; charset=UTF-8
      X-Fb-Trace-Id:
      - BXx/HcWtsJ/
      X-Fb-Rev:
      - '2041018'
      Etag:
      - '"65db2e6f820eca71267c2e168f9ad407ff9c792d"'
      Pragma:
      - no-cache
      Cache-Control:
      - private, no-cache, no-store, must-revalidate
      Facebook-Api-Version:
      - v2.4
      Expires:
      - Sat, 01 Jan 2000 00:00:00 GMT
      X-Fb-Stats-Contexts:
      - V3
      - api
      X-Fb-Debug:
      - lvCz1WYOAqE+flF0AE7uOoRDZnvV01mlHjxd+UznDhTUZqODfsMU2NRKjPXAdFqMB4tBuU5JSgiSIduj0RnZ5Q==
      Date:
      - Fri, 13 Nov 2015 04:40:54 GMT
      Connection:
      - keep-alive
      Content-Length:
      - '39'
    body:
      encoding: UTF-8
      string: '{"data":[],"summary":{"total_count":0}}'
    http_version: 
  recorded_at: Fri, 13 Nov 2015 04:40:54 GMT
recorded_with: VCR 2.9.3
