---
http_interactions:
- request:
    method: post
    uri: https://graph.facebook.com/oauth/access_token
    body:
      encoding: UTF-8
      string: client_id=823950097719547&client_secret=dea8b556df75b906aa59ab482def6e26&grant_type=client_credentials
    headers:
      User-Agent:
      - Faraday v0.9.2
      Content-Type:
      - application/x-www-form-urlencoded
      Accept-Encoding:
      - gzip;q=1.0,deflate;q=0.6,identity;q=0.3
      Accept:
      - "*/*"
  response:
    status:
      code: 200
      message: OK
    headers:
      Access-Control-Allow-Origin:
      - "*"
      Content-Type:
      - text/plain; charset=UTF-8
      X-Fb-Trace-Id:
      - BjAlT+aTEyT
      X-Fb-Rev:
      - '2041018'
      Pragma:
      - no-cache
      Cache-Control:
      - private, no-cache, no-store, must-revalidate
      Facebook-Api-Version:
      - v2.0
      Expires:
      - Sat, 01 Jan 2000 00:00:00 GMT
      X-Fb-Stats-Contexts:
      - V3
      - api
      X-Fb-Debug:
      - Gws3/Fs/q8P2V2n6NveZMgIK47y+aFgV6Z+BPPkprlnDtrGIqfiEUAVTriSzIfVIf2znrrPbheVBcn4BPk/YOQ==
      Date:
      - Fri, 13 Nov 2015 04:55:34 GMT
      Connection:
      - keep-alive
      Content-Length:
      - '56'
    body:
      encoding: UTF-8
      string: access_token=823950097719547|oS3DYF56aL2V4qHXWiBZweVqK44
    http_version: 
  recorded_at: Fri, 13 Nov 2015 04:55:34 GMT
- request:
    method: post
    uri: https://graph.facebook.com/823950097719547/accounts/test-users
    body:
      encoding: UTF-8
      string: access_token=823950097719547%7CoS3DYF56aL2V4qHXWiBZweVqK44&installed=true&permissions=email%2Cuser_friends
    headers:
      User-Agent:
      - Faraday v0.9.2
      Content-Type:
      - application/x-www-form-urlencoded
      Accept-Encoding:
      - gzip;q=1.0,deflate;q=0.6,identity;q=0.3
      Accept:
      - "*/*"
  response:
    status:
      code: 200
      message: OK
    headers:
      Access-Control-Allow-Origin:
      - "*"
      Content-Type:
      - application/json; charset=UTF-8
      X-Fb-Trace-Id:
      - FnLDs2EW2kN
      X-Fb-Rev:
      - '2041018'
      Pragma:
      - no-cache
      Cache-Control:
      - private, no-cache, no-store, must-revalidate
      Facebook-Api-Version:
      - v2.4
      Expires:
      - Sat, 01 Jan 2000 00:00:00 GMT
      X-Fb-Stats-Contexts:
      - V3
      - api
      X-Fb-Debug:
      - K8T8lli+1+fnbSr1+fDtcRXM+aqPhSXa4ai32Fw/e0erfQJkDeWytTvFgTzx5DVJOo3CWTdXgYiQ1r8lSvqbmQ==
      Date:
      - Fri, 13 Nov 2015 04:55:36 GMT
      Connection:
      - keep-alive
      Content-Length:
      - '414'
    body:
      encoding: UTF-8
      string: '{"id":"127032034326138","access_token":"CAALtYNTjIPsBAJkTvDYB9o1O9m4NZA30jxqYQTneBFCReZAUth2a1LA4lml0CeRwuv0S1lSzEmEVW6aOMwqshdNXaiQaBTn7dt0u2jOXlnaYJXZBmLXfpoGHsHkxLOZCdQ46Rfog7uUZCKpJJHarlo6pq7ZBELmlps90pMmjB6xeRSRENkZAYdh0NrWuhrU6s8ZD","login_url":"https:\/\/developers.facebook.com\/checkpoint\/test-user-login\/127032034326138\/","email":"clcfkjz_adeagbowitz_1447390534\u0040tfbnw.net","password":"161071475"}'
    http_version: 
  recorded_at: Fri, 13 Nov 2015 04:55:36 GMT
- request:
    method: post
    uri: https://graph.facebook.com/oauth/access_token
    body:
      encoding: UTF-8
      string: client_id=823950097719547&client_secret=dea8b556df75b906aa59ab482def6e26&fb_exchange_token=CAALtYNTjIPsBAJkTvDYB9o1O9m4NZA30jxqYQTneBFCReZAUth2a1LA4lml0CeRwuv0S1lSzEmEVW6aOMwqshdNXaiQaBTn7dt0u2jOXlnaYJXZBmLXfpoGHsHkxLOZCdQ46Rfog7uUZCKpJJHarlo6pq7ZBELmlps90pMmjB6xeRSRENkZAYdh0NrWuhrU6s8ZD&grant_type=fb_exchange_token
    headers:
      User-Agent:
      - Faraday v0.9.2
      Content-Type:
      - application/x-www-form-urlencoded
      Accept-Encoding:
      - gzip;q=1.0,deflate;q=0.6,identity;q=0.3
      Accept:
      - "*/*"
  response:
    status:
      code: 200
      message: OK
    headers:
      Access-Control-Allow-Origin:
      - "*"
      Content-Type:
      - text/plain; charset=UTF-8
      X-Fb-Trace-Id:
      - E0FKwxWrJKN
      X-Fb-Rev:
      - '2041018'
      Pragma:
      - no-cache
      Cache-Control:
      - private, no-cache, no-store, must-revalidate
      Facebook-Api-Version:
      - v2.0
      Expires:
      - Sat, 01 Jan 2000 00:00:00 GMT
      X-Fb-Stats-Contexts:
      - V3
      - api
      X-Fb-Debug:
      - T2OXq6KD5WbJGaayN2cux4AmqP0I5Jt7fsbsRqMLMGypa6uP3nJoh+qjWfbnApeFjMg5Y3I+WoO57LHTuzRcQg==
      Date:
      - Fri, 13 Nov 2015 04:55:36 GMT
      Connection:
      - keep-alive
      Content-Length:
      - '214'
    body:
      encoding: UTF-8
      string: access_token=CAALtYNTjIPsBANbDp1Czxumkk9WTtsOvF72QBvtiQZBdpEoZBoVajjzia2TmB2LFJt87oBetiIMBIWGTPhskHmNBZCsjL6FEeM4mm8MQI4ZAvICHkjAQZCtPNZCaaJx1brsgZBDfzPjsZCT3pDseiU1b0BLmj0EqlGxFjYsuRRVkolOsJ4uPuNmT&expires=5184000
    http_version: 
  recorded_at: Fri, 13 Nov 2015 04:55:36 GMT
- request:
    method: get
    uri: https://graph.facebook.com/oauth/client_code?access_token=CAALtYNTjIPsBANbDp1Czxumkk9WTtsOvF72QBvtiQZBdpEoZBoVajjzia2TmB2LFJt87oBetiIMBIWGTPhskHmNBZCsjL6FEeM4mm8MQI4ZAvICHkjAQZCtPNZCaaJx1brsgZBDfzPjsZCT3pDseiU1b0BLmj0EqlGxFjYsuRRVkolOsJ4uPuNmT&client_id=823950097719547&client_secret=dea8b556df75b906aa59ab482def6e26&redirect_uri=http://localhost:3000/
    body:
      encoding: US-ASCII
      string: ''
    headers:
      User-Agent:
      - Faraday v0.9.2
      Accept-Encoding:
      - gzip;q=1.0,deflate;q=0.6,identity;q=0.3
      Accept:
      - "*/*"
  response:
    status:
      code: 200
      message: OK
    headers:
      Access-Control-Allow-Origin:
      - "*"
      Content-Type:
      - application/json; charset=UTF-8
      X-Fb-Trace-Id:
      - Huhwx4XpSNj
      X-Fb-Rev:
      - '2041018'
      Pragma:
      - no-cache
      Cache-Control:
      - private, no-cache, no-store, must-revalidate
      Facebook-Api-Version:
      - v2.0
      Expires:
      - Sat, 01 Jan 2000 00:00:00 GMT
      X-Fb-Stats-Contexts:
      - V3
      - api
      X-Fb-Debug:
      - GcGqD8SwSswO3+/WVUVYsNCIFDBWK/lFwuyUArVQWRYHf6WiLc83Ys2KCn8/3kZTmOBpjSy6TZcy27FVtfOWOg==
      Date:
      - Fri, 13 Nov 2015 04:55:37 GMT
      Connection:
      - keep-alive
      Content-Length:
      - '377'
    body:
      encoding: UTF-8
      string: '{"code":"AQBScEzD51DZTVNat4flw-FygKuvoK4RIC-xsVIAB4AqopY_mmm-F4Xm30RYFyEUG13ZPc0I3CA0WVI9G4CBksye_kAzxyYZuDYBCKi__NQ_j1HdH9Kfj5d5CX-zi5k2favwBKUFijuuTjVt8Kaplp1DmpBjXrnQ2FexLdf6P3hEwGoOj09tfChHufe3iJR3iTesY6rkoio7bNesUzC3ceMat63_VHqxA8U5YT40KCiNYc5aB-NKigUFrvVsrlEg2Ed5st-I5dNkYOOhMpg54qKrJC7nkvr8T1sIRpKyKESPaIJ749_c3Jet7xgCZeV750XVJmdsazlDaIsOIfO5sKPZErMAEeqDZKu_ZTdxvlzT2A"}'
    http_version: 
  recorded_at: Fri, 13 Nov 2015 04:55:37 GMT
- request:
    method: get
    uri: https://graph.facebook.com/oauth/access_token?client_id=823950097719547&client_secret=dea8b556df75b906aa59ab482def6e26&code=AQBScEzD51DZTVNat4flw-FygKuvoK4RIC-xsVIAB4AqopY_mmm-F4Xm30RYFyEUG13ZPc0I3CA0WVI9G4CBksye_kAzxyYZuDYBCKi__NQ_j1HdH9Kfj5d5CX-zi5k2favwBKUFijuuTjVt8Kaplp1DmpBjXrnQ2FexLdf6P3hEwGoOj09tfChHufe3iJR3iTesY6rkoio7bNesUzC3ceMat63_VHqxA8U5YT40KCiNYc5aB-NKigUFrvVsrlEg2Ed5st-I5dNkYOOhMpg54qKrJC7nkvr8T1sIRpKyKESPaIJ749_c3Jet7xgCZeV750XVJmdsazlDaIsOIfO5sKPZErMAEeqDZKu_ZTdxvlzT2A&redirect_uri=http://localhost:3000/
    body:
      encoding: US-ASCII
      string: ''
    headers:
      User-Agent:
      - Faraday v0.9.2
      Accept-Encoding:
      - gzip;q=1.0,deflate;q=0.6,identity;q=0.3
      Accept:
      - "*/*"
  response:
    status:
      code: 200
      message: OK
    headers:
      Access-Control-Allow-Origin:
      - "*"
      Content-Type:
      - application/json; charset=UTF-8
      X-Fb-Trace-Id:
      - Hd8qSag6ZoN
      X-Fb-Rev:
      - '2041018'
      Pragma:
      - no-cache
      Cache-Control:
      - private, no-cache, no-store, must-revalidate
      Facebook-Api-Version:
      - v2.0
      Expires:
      - Sat, 01 Jan 2000 00:00:00 GMT
      X-Fb-Stats-Contexts:
      - V3
      - api
      X-Fb-Debug:
      - e617RHOoKNx9xk55t/AvntaTquHIiAPY5RqLcKwqFyK2AyDDtuPqsizCLp5vTobnR5jeQ1QvT+H+6eo8/3djmw==
      Date:
      - Fri, 13 Nov 2015 04:55:37 GMT
      Connection:
      - keep-alive
      Content-Length:
      - '271'
    body:
      encoding: UTF-8
      string: '{"access_token":"CAALtYNTjIPsBAHupPzCxr8CqOEsas48PMTreOnTU0OlFaNrFsq1YcIQeFddJ4PM0qnvIFQszsCMPiJylA3yFJhqHt9eXHgrLDGgHIwbIsj31zo5yncgiqllTNrjmNWjuuQ2IQqMWmHZAQftyAVBe6j4nsoGvPg1I2uNprfCS1IezAxR6FmtxG0RV1oQEZD","machine_id":"SW1FVlEHktgVhhRXjfeMZ8mB","expires_in":5183999}'
    http_version: 
  recorded_at: Fri, 13 Nov 2015 04:55:37 GMT
- request:
    method: get
    uri: https://graph.facebook.com/me/friends?access_token=CAALtYNTjIPsBAHupPzCxr8CqOEsas48PMTreOnTU0OlFaNrFsq1YcIQeFddJ4PM0qnvIFQszsCMPiJylA3yFJhqHt9eXHgrLDGgHIwbIsj31zo5yncgiqllTNrjmNWjuuQ2IQqMWmHZAQftyAVBe6j4nsoGvPg1I2uNprfCS1IezAxR6FmtxG0RV1oQEZD&appsecret_proof=1889edd2bb0723973455f26a2c2214055b0fd78b911ae4e2eede1ca44f68fc1a
    body:
      encoding: US-ASCII
      string: ''
    headers:
      User-Agent:
      - Faraday v0.9.2
      Accept-Encoding:
      - gzip;q=1.0,deflate;q=0.6,identity;q=0.3
      Accept:
      - "*/*"
  response:
    status:
      code: 200
      message: OK
    headers:
      Access-Control-Allow-Origin:
      - "*"
      Content-Type:
      - application/json; charset=UTF-8
      X-Fb-Trace-Id:
      - G6t4OjVrjR7
      X-Fb-Rev:
      - '2041018'
      Etag:
      - '"65db2e6f820eca71267c2e168f9ad407ff9c792d"'
      Pragma:
      - no-cache
      Cache-Control:
      - private, no-cache, no-store, must-revalidate
      Facebook-Api-Version:
      - v2.4
      Expires:
      - Sat, 01 Jan 2000 00:00:00 GMT
      X-Fb-Stats-Contexts:
      - V3
      - api
      X-Fb-Debug:
      - Ki5tFyIdmLQX4FuDzbpSdir93KYLJCDlLgDyVUFzlkaRaAuP6pVLaWVU4r4BOYs9+XhMafnRPNF3pcrrCSw+ZQ==
      Date:
      - Fri, 13 Nov 2015 04:55:37 GMT
      Connection:
      - keep-alive
      Content-Length:
      - '39'
    body:
      encoding: UTF-8
      string: '{"data":[],"summary":{"total_count":0}}'
    http_version: 
  recorded_at: Fri, 13 Nov 2015 04:55:37 GMT
recorded_with: VCR 2.9.3
